MULTI-PAGE QUESTION EXTRACTION SUMMARY
Date: 2025-07-24 10:38:18
Source PDF: AEL ZG519 EC-3M SECOND SEM 2022-2023.doc.pdf
==================================================

Question 1:
  PDF File: question_01_multipage.pdf
  Starter: Q 3 SET (B)
  Pattern Used: substring_fallback
  Total Pages: 1
  Page Segments:
    Segment 1: Page 1, Y 216.01-340.18

Question 2:
  PDF File: question_02_multipage.pdf
  Starter: Q.1 SET (A)
  Pattern Used: q_number_flexible
  Total Pages: 1
  Page Segments:
    Segment 1: Page 1, Y 337.18-395.38

Question 3:
  PDF File: question_03_multipage.pdf
  Starter: Q 1 SET (C)
  Pattern Used: exact_flexible
  Total Pages: 1
  Page Segments:
    Segment 1: Page 1, Y 392.38-533.37

Question 4:
  PDF File: question_04_multipage.pdf
  Starter: Q.2 SET (A)
  Pattern Used: q_number_flexible
  Total Pages: 1
  Page Segments:
    Segment 1: Page 1, Y 530.37-602.36

Question 5:
  PDF File: question_05_multipage.pdf
  Starter: Q2 SET (C)
  Pattern Used: exact_flexible
  Total Pages: 2
  Page Segments:
    Segment 1: Page 1, Y 599.36-792.00
    Segment 2: Page 2, Y 0.00-12.91

Question 6:
  PDF File: question_06_multipage.pdf
  Starter: Q 1 SET (B)
  Pattern Used: substring_fallback
  Total Pages: 1
  Page Segments:
    Segment 1: Page 2, Y 9.91-123.30

Question 7:
  PDF File: question_07_multipage.pdf
  Starter: Q.3 SET (A)
  Pattern Used: q_number_flexible
  Total Pages: 1
  Page Segments:
    Segment 1: Page 2, Y 120.30-247.49

Question 8:
  PDF File: question_08_multipage.pdf
  Starter: Q 3 SET (C)
  Pattern Used: exact_flexible
  Total Pages: 1
  Page Segments:
    Segment 1: Page 2, Y 244.49-426.87

Question 9:
  PDF File: question_09_multipage.pdf
  Starter: Q.4 SET (A)
  Pattern Used: q_number_flexible
  Total Pages: 1
  Page Segments:
    Segment 1: Page 2, Y 423.87-468.27

Question 10:
  PDF File: question_10_multipage.pdf
  Starter: Q4 SET (C)
  Pattern Used: exact_flexible
  Total Pages: 1
  Page Segments:
    Segment 1: Page 2, Y 465.27-523.47

Question 11:
  PDF File: question_11_multipage.pdf
  Starter: Q.5 SET (A)
  Pattern Used: substring_fallback
  Total Pages: 2
  Page Segments:
    Segment 1: Page 2, Y 520.47-792.00
    Segment 2: Page 3, Y 0.00-26.71

Question 12:
  PDF File: question_12_multipage.pdf
  Starter: Q 1 SET (B)
  Pattern Used: substring_fallback
  Total Pages: 1
  Page Segments:
    Segment 1: Page 3, Y 23.71-109.50

Question 13:
  PDF File: question_13_multipage.pdf
  Starter: Q5      SET (C)
  Pattern Used: exact_flexible
  Total Pages: 1
  Page Segments:
    Segment 1: Page 3, Y 106.50-219.89

Question 14:
  PDF File: question_14_multipage.pdf
  Starter: Q6.    SET(A)
  Pattern Used: exact_flexible
  Total Pages: 1
  Page Segments:
    Segment 1: Page 3, Y 216.89-553.98

Question 15:
  PDF File: question_15_multipage.pdf
  Starter: Q6.    SET(B)
  Pattern Used: exact_flexible
  Total Pages: 2
  Page Segments:
    Segment 1: Page 3, Y 550.98-792.00
    Segment 2: Page 4, Y 0.00-255.65

Question 16:
  PDF File: question_16_multipage.pdf
  Starter: Q 1 SET (B)
  Pattern Used: substring_fallback
  Total Pages: 1
  Page Segments:
    Segment 1: Page 4, Y 252.65-792.00

