PDF VERIFICATION REPORT
Date: 2025-07-24 10:43:34
Directory: output\extracted_questions_BA ZC425 EC-3R FIRST SEM 2022-2023_20250724_103846
======================================================================

File: question_01_multipage.pdf
Status: valid
Question Count: 1
Reason: The content contains a single main question, "Q.1Set. (A)", which asks for evidence to link employee attitudes and outcomes, with no sub-questions or additional sets.
Text Length: 319 chars
Action: Keep as is
--------------------------------------------------
File: question_02_multipage.pdf
Status: valid
Question Count: 1
Reason: The content contains a single main question (Q.1Set. (B)) with specific areas/practices to be addressed, and there are no other distinct main questions or sets present.
Text Length: 434 chars
Action: Keep as is
--------------------------------------------------
File: question_03_multipage.pdf
Status: valid
Question Count: 1
Reason: The content contains a single main question (Q.2Set) with multiple sub-points to be addressed, but it is considered as one distinct main question.
Text Length: 205 chars
Action: Keep as is
--------------------------------------------------
File: question_04_multipage.pdf
Status: valid
Question Count: 1
Reason: The content contains a single main question (Q.2Set. (B)) with multiple sub-points to be addressed, but it is considered as one distinct question.
Text Length: 194 chars
Action: Keep as is
--------------------------------------------------
File: question_05_multipage.pdf
Status: valid
Question Count: 1
Reason: The content contains a single main question, "Frame 10 business questions that you would like to explore using the data on the following list of variables," with various sub-factors and questions related to training effectiveness analysis, but these are not considered separate main questions. There are no distinct sets (e.g., SET A, SET B) that would multiply the question count.
Text Length: 2340 chars
Action: Keep as is
--------------------------------------------------
File: question_06_multipage.pdf
Status: valid
Question Count: 1
Reason: The content contains a single main question, "Frame 10 business questions that you would like to explore using the data on the following list of variables," which is accompanied by various sub-factors and questions related to training effectiveness analysis, but these are not considered separate main questions. The "Q.3Set. (B)" at the beginning appears to be a single question identifier with a set label, but there is only one distinct main question present.
Text Length: 2549 chars
Action: Keep as is
--------------------------------------------------

SUMMARY:
Total files processed: 6
Valid single questions: 6
Files split: 0
New files created by splitting: 0
Dirt files: 0
Error files: 0
