PDF VERIFICATION REPORT
Date: 2025-07-24 10:41:07
Directory: output\extracted_questions_AE ZG518 EC-2R FIRST SEM 2022-2023_20250724_103752
======================================================================

File: question_01_multipage.pdf
Status: valid
Question Count: 1
Reason: The content contains a single main question, "Q.1. Compare 3 electric vehicles available in the market in terms of motor rating, source rating and draw the block diagram rating of the vehicles", with no indication of sets or sub-questions that would constitute additional distinct main questions.
Text Length: 179 chars
Action: Keep as is
--------------------------------------------------
File: question_02_multipage.pdf
Status: valid
Question Count: 2
Reason: The content contains two distinct main questions: Q.2 and the question about drawing the block diagram rating of the vehicles, which is implied to be Q.1, although its label is not explicitly provided. There are no sets or sub-questions that would increase the count beyond these two main questions.
Text Length: 502 chars
Action: Splitting into 2 separate files
Split Result: Failed, keeping original
--------------------------------------------------
File: question_03_multipage.pdf
Status: valid
Question Count: 1
Reason: The content contains a single main question, "Q.3. Compare the motors used in traction application.", with no indication of sets or sub-questions that would increase the count.
Text Length: 70 chars
Action: Keep as is
--------------------------------------------------
File: question_04_multipage.pdf
Status: valid
Question Count: 2
Reason: The content contains two distinct main questions: "Q.3. Compare the motors used in traction application." and "Q.4. What are the hindrances for EV adoption in India?", with no sets or sub-questions indicated.
Text Length: 175 chars
Action: Splitting into 2 separate files
Split Result: Failed, keeping original
--------------------------------------------------

SUMMARY:
Total files processed: 4
Valid single questions: 4
Files split: 0
New files created by splitting: 0
Dirt files: 0
Error files: 0
