MULTI-PAGE QUESTION EXTRACTION SUMMARY
Date: 2025-07-24 10:39:42
Source PDF: DE ZG631 EC-3R FIRST SEM 2022-2023.pdf
==================================================

Question 1:
  PDF File: question_01_multipage.pdf
  Starter: A piece of corroded metal alloy plate
  Pattern Used: substring_fallback
  Total Pages: 1
  Page Segments:
    Segment 1: Page 1, Y 9.91-269.11

Question 2:
  PDF File: question_02_multipage.pdf
  Starter: Q.1 Set. (A)
  Pattern Used: exact_flexible
  Total Pages: 1
  Page Segments:
    Segment 1: Page 1, Y 266.11-296.71

Question 3:
  PDF File: question_03_multipage.pdf
  Starter: How do you differentiate
  Pattern Used: substring_fallback
  Total Pages: 1
  Page Segments:
    Segment 1: Page 1, Y 293.71-536.41

Question 4:
  PDF File: question_04_multipage.pdf
  Starter: Q.1 Set. (B)
  Pattern Used: exact_flexible
  Total Pages: 2
  Page Segments:
    Segment 1: Page 1, Y 533.41-792.00
    Segment 2: Page 2, Y 0.00-169.81

Question 5:
  PDF File: question_05_multipage.pdf
  Starter: A piece of corroded metal alloy plate
  Pattern Used: substring_fallback
  Total Pages: 1
  Page Segments:
    Segment 1: Page 2, Y 166.81-211.21

Question 6:
  PDF File: question_06_multipage.pdf
  Starter: Q.1 Set. (A)
  Pattern Used: q_number_flexible
  Total Pages: 1
  Page Segments:
    Segment 1: Page 2, Y 208.21-225.01

Question 7:
  PDF File: question_07_multipage.pdf
  Starter: How do you differentiate
  Pattern Used: substring_fallback
  Total Pages: 1
  Page Segments:
    Segment 1: Page 2, Y 222.01-492.31

Question 8:
  PDF File: question_08_multipage.pdf
  Starter: Q2 Set A
  Pattern Used: exact_flexible
  Total Pages: 2
  Page Segments:
    Segment 1: Page 2, Y 489.31-792.00
    Segment 2: Page 3, Y 0.00-308.16

Question 9:
  PDF File: question_09_multipage.pdf
  Starter: Q2 Set A
  Pattern Used: q_number_flexible
  Total Pages: 1
  Page Segments:
    Segment 1: Page 3, Y 305.16-321.96

Question 10:
  PDF File: question_10_multipage.pdf
  Starter: A piece of corroded metal alloy plate
  Pattern Used: substring_fallback
  Total Pages: 1
  Page Segments:
    Segment 1: Page 3, Y 318.96-604.46

Question 11:
  PDF File: question_11_multipage.pdf
  Starter: Q2 Set C
  Pattern Used: exact_flexible
  Total Pages: 2
  Page Segments:
    Segment 1: Page 3, Y 601.46-792.00
    Segment 2: Page 4, Y 0.00-267.81

Question 12:
  PDF File: question_12_multipage.pdf
  Starter: Q3 Set A
  Pattern Used: exact_flexible
  Total Pages: 1
  Page Segments:
    Segment 1: Page 4, Y 264.81-642.11

Question 13:
  PDF File: question_13_multipage.pdf
  Starter: Q3 Set B
  Pattern Used: exact_flexible
  Total Pages: 2
  Page Segments:
    Segment 1: Page 4, Y 639.11-792.00
    Segment 2: Page 5, Y 0.00-318.11

Question 14:
  PDF File: question_14_multipage.pdf
  Starter: Q3 Set A
  Pattern Used: q_number_flexible
  Total Pages: 1
  Page Segments:
    Segment 1: Page 5, Y 315.11-331.91

Question 15:
  PDF File: question_15_multipage.pdf
  Starter: A piece of corroded metal alloy plate
  Pattern Used: substring_fallback
  Total Pages: 1
  Page Segments:
    Segment 1: Page 5, Y 328.91-733.81

Question 16:
  PDF File: question_16_multipage.pdf
  Starter: Q.4 Set. (A)
  Pattern Used: exact_flexible
  Total Pages: 2
  Page Segments:
    Segment 1: Page 5, Y 730.81-792.00
    Segment 2: Page 6, Y 0.00-12.91

Question 17:
  PDF File: question_17_multipage.pdf
  Starter: A piece of corroded metal alloy plate
  Pattern Used: substring_fallback
  Total Pages: 1
  Page Segments:
    Segment 1: Page 6, Y 9.91-26.71

Question 18:
  PDF File: question_18_multipage.pdf
  Starter: How do you differentiate
  Pattern Used: substring_fallback
  Total Pages: 1
  Page Segments:
    Segment 1: Page 6, Y 23.71-324.36

Question 19:
  PDF File: question_19_multipage.pdf
  Starter: Q.4 Set. (A)
  Pattern Used: q_number_flexible
  Total Pages: 1
  Page Segments:
    Segment 1: Page 6, Y 321.36-594.41

Question 20:
  PDF File: question_20_multipage.pdf
  Starter: Q.4 Set. (C)
  Pattern Used: exact_flexible
  Total Pages: 2
  Page Segments:
    Segment 1: Page 6, Y 591.41-792.00
    Segment 2: Page 7, Y 0.00-172.56

Question 21:
  PDF File: question_21_multipage.pdf
  Starter: Q.5 Set. (A)
  Pattern Used: exact_flexible
  Total Pages: 1
  Page Segments:
    Segment 1: Page 7, Y 169.56-365.76

Question 22:
  PDF File: question_22_multipage.pdf
  Starter: Q.5 Set. (B)
  Pattern Used: exact_flexible
  Total Pages: 1
  Page Segments:
    Segment 1: Page 7, Y 362.76-545.16

Question 23:
  PDF File: question_23_multipage.pdf
  Starter: Q.5 Set. (C)
  Pattern Used: exact_flexible
  Total Pages: 1
  Page Segments:
    Segment 1: Page 7, Y 542.16-738.36

Question 24:
  PDF File: question_24_multipage.pdf
  Starter: Q.6 Set. (A)
  Pattern Used: exact_flexible
  Total Pages: 2
  Page Segments:
    Segment 1: Page 7, Y 735.36-792.00
    Segment 2: Page 8, Y 0.00-81.91

Question 25:
  PDF File: question_25_multipage.pdf
  Starter: Q.6 Set. (A)
  Pattern Used: q_number_flexible
  Total Pages: 1
  Page Segments:
    Segment 1: Page 8, Y 78.91-178.51

Question 26:
  PDF File: question_26_multipage.pdf
  Starter: Q.6 Set. (C)
  Pattern Used: exact_flexible
  Total Pages: 1
  Page Segments:
    Segment 1: Page 8, Y 175.51-206.11

Question 27:
  PDF File: question_27_multipage.pdf
  Starter: How do you differentiate
  Pattern Used: exact_flexible
  Total Pages: 1
  Page Segments:
    Segment 1: Page 8, Y 203.11-233.46

Question 28:
  PDF File: question_28_multipage.pdf
  Starter: A piece of corroded metal alloy plate
  Pattern Used: exact_flexible
  Total Pages: 1
  Page Segments:
    Segment 1: Page 8, Y 230.46-792.00

